
> fe-surazense-sensors@0.1.0 build
> next build --turbopack

node.exe :  ΓÜá Warning: Next.js 
inferred your workspace root, but it 
may not be correct.
At C:\Program Files\nodejs\npm.ps1:29 
char:3
+   & $NODE_EXE $NPM_CLI_JS $args
+   ~~~~~~~~~~~~~~~~~~~~~~~~~~~~~
    + CategoryInfo          : NotSpecif 
   ied: ( ΓÜá Warning: N...not be corr  
  ect.:String) [], RemoteException
    + FullyQualifiedErrorId : NativeCom 
   mandError
 
 We detected multiple lockfiles and 
selected the directory of 
C:\Users\Victus 15\package-lock.json as 
the root directory.
 To silence this warning, set 
`turbopack.root` in your Next.js 
config, or consider removing one of the 
lockfiles if it's not needed.
   See https://nextjs.org/docs/app/api-r
eference/config/next-config-js/turbopack
#root-directory for more information.
 Detected additional lockfiles: 
   * C:\Users\Victus 
15\tbkk_test\package-lock.json

   Γû▓ Next.js 15.5.4 (Turbopack)

   Creating an optimized production build ...
 Γ£ô Finished writing to disk in 184ms
 Γ£ô Compiled successfully in 13.0s
   Linting and checking validity of types ...

./src/app/sensors/[id]/history/page.tsx
41:10  Warning: 'error' is assigned a value but never used.  @typescript-eslint/no-unused-vars

./src/components/register/RegisterSensorForm.tsx
470:5  Warning: '_' is defined but never used.  @typescript-eslint/no-unused-vars
748:18  Warning: 'e' is defined but never used.  @typescript-eslint/no-unused-vars

./src/components/sensors/SensorDetailInfoCard.tsx
23:11  Warning: 'KeyValues' is defined but never used.  @typescript-eslint/no-unused-vars

info  - Need to disable some ESLint rules? Learn more here: https://nextjs.org/docs/app/api-reference/config/eslint#disabling-rules
Failed to compile.

./src/app/sensors/page.tsx:1110:11
Type error: Type '{ photoUrl: string | 
null; sensorInfo: { serialNumber: 
string; serialName: string; 
machineNumber: string; 
installationPoint: string; 
machineClass: string; note: string; }; 
keyValues: { macAddress: string; 
sensorName: string; machineName: 
string; machineClass: string; }; 
status: { ...; }; datetimes: string[]; 
onEdit:...' is not assignable to type 
'IntrinsicAttributes & 
SensorDetailInfoCardProps'.
  Property 'keyValues' does not exist 
on type 'IntrinsicAttributes & 
SensorDetailInfoCardProps'.

[0m [90m 1108 |[39m             
note[33m:[39m 
configData[33m.[39mnotes[33m,[39m
 [90m 1109 |[39m           }}
[31m[1m>[22m[39m[90m 1110 |[39m   
        keyValues[33m=[39m{{
 [90m      |[39m           
[31m[1m^[22m[39m
 [90m 1111 |[39m             [90m// 
If MAC address is available elsewhere, 
pass it here. Using serial as 
placeholder if not provided.[39m
 [90m 1112 |[39m             
macAddress[33m:[39m 
[32m"11:AB:B1:1A:C1:D1"[39m[33m,[39m
 [90m 1113 |[39m             
sensorName[33m:[39m 
configData[33m.[39mserialNumber 
[33m||[39m [32m""[39m[33m,[39m[0m
Next.js build worker exited with code: 
1 and signal: null
